[html.rainbow-themes.net/seoes/index04b9.html]
[html.rainbow-themes.net/seoes/assets/images/favicon.png]
[backblue.gif]
[fade.gif]
[index.html]
[html.rainbow-themes.net/seoes/assets/css/all.min.css]
[html.rainbow-themes.net/seoes/assets/css/flaticon.css]
[html.rainbow-themes.net/seoes/assets/css/animate.min.css]
[html.rainbow-themes.net/seoes/assets/css/aos.min.css]
[html.rainbow-themes.net/seoes/assets/css/bootstrap.min.css]
[html.rainbow-themes.net/seoes/assets/css/jquery.fancybox.min.css]
[html.rainbow-themes.net/seoes/assets/css/perfect-scrollbar.css]
[html.rainbow-themes.net/seoes/assets/css/slick.css]
[html.rainbow-themes.net/seoes/assets/css/style.css]
[html.rainbow-themes.net/seoes/assets/css/responsive.css]
[html.rainbow-themes.net/seoes/assets/css/revolution/settings.css]
[html.rainbow-themes.net/seoes/assets/css/revolution/layers.css]
[html.rainbow-themes.net/seoes/assets/css/revolution/navigation.css]
[html.rainbow-themes.net/seoes/shop-detail.html]
[html.rainbow-themes.net/seoes/assets/images/resources/shop-img1.jpg]
[html.rainbow-themes.net/seoes/assets/images/resources/shop-img2.jpg]
[html.rainbow-themes.net/seoes/assets/images/resources/shop-img3.jpg]
[html.rainbow-themes.net/seoes/cart.html]
[html.rainbow-themes.net/seoes/checkout.html]
[html.rainbow-themes.net/seoes/index.html]
[html.rainbow-themes.net/seoes/assets/images/logo@2x.png]
[html.rainbow-themes.net/seoes/index2.html]
[html.rainbow-themes.net/seoes/index3.html]
[html.rainbow-themes.net/seoes/index4.html]
[html.rainbow-themes.net/seoes/index5.html]
[html.rainbow-themes.net/seoes/seo-services.html]
[html.rainbow-themes.net/seoes/ppm-services.html]
[html.rainbow-themes.net/seoes/digital-marketing.html]
[html.rainbow-themes.net/seoes/about.html]
[html.rainbow-themes.net/seoes/our-story.html]
[html.rainbow-themes.net/seoes/team.html]
[html.rainbow-themes.net/seoes/content-elements.html]
[html.rainbow-themes.net/seoes/pricing-table.html]
[html.rainbow-themes.net/seoes/portfolio-masonry.html]
[html.rainbow-themes.net/seoes/portfolio-masonry-filters.html]
[html.rainbow-themes.net/seoes/portfolio-3column-full-width.html]
[html.rainbow-themes.net/seoes/portfolio-2column.html]
[html.rainbow-themes.net/seoes/portfolio-4column-full-width.html]
[html.rainbow-themes.net/seoes/gallery.html]
[html.rainbow-themes.net/seoes/data-analysis.html]
[html.rainbow-themes.net/seoes/content-audit.html]
[html.rainbow-themes.net/seoes/new-strategies.html]
[html.rainbow-themes.net/seoes/creative-campaigns.html]
[html.rainbow-themes.net/seoes/market-intelligence.html]
[html.rainbow-themes.net/seoes/blog-checkerboard.html]
[html.rainbow-themes.net/seoes/blog-masonry.html]
[html.rainbow-themes.net/seoes/blog-2column.html]
[html.rainbow-themes.net/seoes/blog-3column.html]
[html.rainbow-themes.net/seoes/blog-3column-full-width.html]
[html.rainbow-themes.net/seoes/blog-4column-full-width.html]
[html.rainbow-themes.net/seoes/blog-left-sidebar.html]
[html.rainbow-themes.net/seoes/blog-right-sidebar.html]
[html.rainbow-themes.net/seoes/blog-detail-gallery.html]
[html.rainbow-themes.net/seoes/blog-detail-audio.html]
[html.rainbow-themes.net/seoes/blog-detail-link.html]
[html.rainbow-themes.net/seoes/blog-detail-quote.html]
[html.rainbow-themes.net/seoes/blog-detail.html]
[html.rainbow-themes.net/seoes/blog-detail-video.html]
[html.rainbow-themes.net/seoes/shop.html]
[html.rainbow-themes.net/seoes/shop-shortcodes.html]
[html.rainbow-themes.net/seoes/contact.html]
[html.rainbow-themes.net/seoes/assets/images/resources/slide-bg1.jpg]
[html.rainbow-themes.net/seoes/assets/images/slide1-shp1.png]
[html.rainbow-themes.net/seoes/assets/images/slide1-shp2.png]
[html.rainbow-themes.net/seoes/assets/images/slide1-shp3.png]
[html.rainbow-themes.net/seoes/assets/images/slide1-mckp1.png]
[html.rainbow-themes.net/seoes/assets/images/slide1-mckp2.png]
[html.rainbow-themes.net/seoes/assets/images/slide1-mckp3.png]
[html.rainbow-themes.net/seoes/assets/images/slide1-mckp4.png]
[html.rainbow-themes.net/seoes/assets/images/slide1-mckp5.png]
[html.rainbow-themes.net/seoes/assets/images/slide1-mckp6.png]
[html.rainbow-themes.net/seoes/assets/images/resources/slide-bg2.jpg]
[html.rainbow-themes.net/seoes/assets/images/slide2-shp1.png]
[html.rainbow-themes.net/seoes/assets/images/slide2-shp2.png]
[html.rainbow-themes.net/seoes/assets/images/slide2-mckp1.png]
[html.rainbow-themes.net/seoes/assets/images/slide2-mckp2.png]
[html.rainbow-themes.net/seoes/assets/images/slide2-mckp3.png]
[html.rainbow-themes.net/seoes/assets/images/slide2-mckp4.png]
[html.rainbow-themes.net/seoes/assets/images/slide2-mckp5.png]
[html.rainbow-themes.net/seoes/assets/images/slide2-mckp6.png]
[html.rainbow-themes.net/seoes/assets/images/slide2-mckp7.png]
[html.rainbow-themes.net/seoes/assets/images/slide2-mckp8.png]
[html.rainbow-themes.net/seoes/assets/images/resources/slide-bg3.png]
[html.rainbow-themes.net/seoes/assets/images/slide3-shp1.png]
[html.rainbow-themes.net/seoes/assets/images/slide3-mckp1.png]
[html.rainbow-themes.net/seoes/assets/images/slide3-mckp2.png]
[html.rainbow-themes.net/seoes/assets/images/slide3-mckp3.png]
[html.rainbow-themes.net/seoes/assets/images/slide3-mckp4.png]
[html.rainbow-themes.net/seoes/assets/images/slide3-mckp5.png]
[html.rainbow-themes.net/seoes/assets/images/slide3-mckp6.png]
[html.rainbow-themes.net/seoes/assets/images/slide3-mckp7.png]
[html.rainbow-themes.net/seoes/assets/images/bg-shp-1.png]
[html.rainbow-themes.net/seoes/assets/images/resources/market-fact-mckp.png]
[html.rainbow-themes.net/seoes/assets/images/bg-1.png]
[html.rainbow-themes.net/seoes/assets/images/resources/marketing-strg-mckp.png]
[html.rainbow-themes.net/seoes/assets/images/bg-shp-2.png]
[html.rainbow-themes.net/seoes/assets/images/resources/structure-mckp.png]
[html.rainbow-themes.net/seoes/assets/images/resources/team-img1-1.jpg]
[html.rainbow-themes.net/seoes/assets/images/resources/team-img1-2.jpg]
[html.rainbow-themes.net/seoes/assets/images/resources/team-img1-3.jpg]
[html.rainbow-themes.net/seoes/assets/images/resources/team-img1-4.jpg]
[html.rainbow-themes.net/seoes/assets/images/bg-shp-3.png]
[html.rainbow-themes.net/seoes/assets/images/resources/post-img1-1.jpg]
[html.rainbow-themes.net/seoes/assets/images/resources/post-img1-2.jpg]
[html.rainbow-themes.net/seoes/assets/images/resources/post-img1-3.jpg]
[html.rainbow-themes.net/seoes/assets/images/resources/post-img1-4.jpg]
[html.rainbow-themes.net/seoes/assets/images/resources/subm-request-mckp.png]
[html.rainbow-themes.net/seoes/assets/images/req-frm-mckp.png]
[html.rainbow-themes.net/seoes/assets/images/logo@2x-white.png]
[html.rainbow-themes.net/seoes/assets/js/jquery.min.js]
[html.rainbow-themes.net/seoes/assets/js/popper.min.js]
[html.rainbow-themes.net/seoes/assets/js/bootstrap.min.js]
[html.rainbow-themes.net/seoes/assets/js/aos.min.js]
[html.rainbow-themes.net/seoes/assets/js/counterup.min.js]
[html.rainbow-themes.net/seoes/assets/js/particles.min.js]
[html.rainbow-themes.net/seoes/assets/js/tilt.jquery.min.js]
[html.rainbow-themes.net/seoes/assets/js/jquery.fancybox.min.js]
[html.rainbow-themes.net/seoes/assets/js/perfect-scrollbar.min.js]
[html.rainbow-themes.net/seoes/assets/js/slick.min.js]
[html.rainbow-themes.net/seoes/assets/js/scroll-up-bar.min.js]
[html.rainbow-themes.net/seoes/assets/js/custom-scripts.js]
[html.rainbow-themes.net/seoes/assets/js/revolution/jquery.themepunch.tools.min.js]
[html.rainbow-themes.net/seoes/assets/js/revolution/jquery.themepunch.revolution.min.js]
[html.rainbow-themes.net/seoes/assets/js/revolution/extensions/revolution.extension.actions.min.js]
[html.rainbow-themes.net/seoes/assets/js/revolution/extensions/revolution.extension.carousel.min.js]
[html.rainbow-themes.net/seoes/assets/js/revolution/extensions/revolution.extension.kenburn.min.js]
[html.rainbow-themes.net/seoes/assets/js/revolution/extensions/revolution.extension.layeranimation.min.js]
[html.rainbow-themes.net/seoes/assets/js/revolution/extensions/revolution.extension.migration.min.js]
[html.rainbow-themes.net/seoes/assets/js/revolution/extensions/revolution.extension.navigation.min.js]
[html.rainbow-themes.net/seoes/assets/js/revolution/extensions/revolution.extension.parallax.min.js]
[html.rainbow-themes.net/seoes/assets/js/revolution/extensions/revolution.extension.slideanims.min.js]
[html.rainbow-themes.net/seoes/assets/js/revolution/extensions/revolution.extension.video.min.js]
[html.rainbow-themes.net/seoes/index04b9.html]
[html.rainbow-themes.net/seoes/assets/js/revolution/revolution-init.js]
[html.rainbow-themes.net/seoes/assets/webfonts/fa-brands-400.eot]
[html.rainbow-themes.net/seoes/assets/webfonts/fa-brands-400d41d.eot]
[html.rainbow-themes.net/seoes/assets/webfonts/fa-brands-400.woff2]
[html.rainbow-themes.net/seoes/assets/webfonts/fa-brands-400.woff]
[html.rainbow-themes.net/seoes/assets/webfonts/fa-brands-400.ttf]
[html.rainbow-themes.net/seoes/assets/webfonts/fa-regular-400.eot]
[html.rainbow-themes.net/seoes/assets/webfonts/fa-regular-400d41d.eot]
[html.rainbow-themes.net/seoes/assets/webfonts/fa-brands-400.svg]
[html.rainbow-themes.net/seoes/assets/webfonts/fa-regular-400.woff2]
[html.rainbow-themes.net/seoes/assets/webfonts/fa-regular-400.woff]
[html.rainbow-themes.net/seoes/assets/webfonts/fa-regular-400.ttf]
[html.rainbow-themes.net/seoes/assets/webfonts/fa-regular-400.svg]
[html.rainbow-themes.net/seoes/assets/webfonts/fa-solid-900.eot]
[html.rainbow-themes.net/seoes/assets/webfonts/fa-solid-900d41d.eot]
[html.rainbow-themes.net/seoes/assets/webfonts/fa-solid-900.woff2]
[html.rainbow-themes.net/seoes/assets/webfonts/fa-solid-900.woff]
[html.rainbow-themes.net/seoes/assets/css/all.min.css]
[html.rainbow-themes.net/seoes/assets/fonts/Flaticon.eot]
[html.rainbow-themes.net/seoes/assets/webfonts/fa-solid-900.ttf]
[html.rainbow-themes.net/seoes/assets/fonts/Flaticond41d.eot]
[html.rainbow-themes.net/seoes/assets/fonts/Flaticon.woff2]
[html.rainbow-themes.net/seoes/assets/fonts/Flaticon.woff]
[html.rainbow-themes.net/seoes/assets/fonts/Flaticon.ttf]
[html.rainbow-themes.net/seoes/assets/webfonts/fa-solid-900.svg]
[html.rainbow-themes.net/seoes/assets/fonts/icomoona7a9.eot]
[html.rainbow-themes.net/seoes/assets/fonts/Flaticon.svg]
[html.rainbow-themes.net/seoes/assets/fonts/icomoona7a9.ttf]
[html.rainbow-themes.net/seoes/assets/fonts/icomoona7a9.woff]
[html.rainbow-themes.net/seoes/assets/css/flaticon.css]
[html.rainbow-themes.net/seoes/assets/css/animate.min.css]
[html.rainbow-themes.net/seoes/assets/css/aos.min.css]
[html.rainbow-themes.net/seoes/assets/css/bootstrap.min.css]
[html.rainbow-themes.net/seoes/assets/css/jquery.fancybox.min.css]
[html.rainbow-themes.net/seoes/assets/css/perfect-scrollbar.css]
[html.rainbow-themes.net/seoes/assets/css/slick.css]
[html.rainbow-themes.net/seoes/assets/fonts/icomoona7a9.svg]
[html.rainbow-themes.net/seoes/assets/images/plan-bg.jpg]
[html.rainbow-themes.net/seoes/assets/images/hexa-shp.svg]
[html.rainbow-themes.net/seoes/assets/css/style.css]
[html.rainbow-themes.net/seoes/assets/css/responsive.css]
[html.rainbow-themes.net/seoes/assets/images/pg-ttl-shp-bg.svg]
[html.rainbow-themes.net/seoes/assets/css/revolution/fonts/revicons/revicons90c6.eot]
[html.rainbow-themes.net/seoes/assets/css/revolution/fonts/revicons/revicons90c6.woff]
[html.rainbow-themes.net/seoes/assets/css/revolution/fonts/revicons/revicons90c6.ttf]
[html.rainbow-themes.net/seoes/assets/css/revolution/fonts/revicons/revicons90c6.svg]
[html.rainbow-themes.net/seoes/assets/css/assets/gridtile.png]
[html.rainbow-themes.net/seoes/assets/css/assets/gridtile_white.png]
[html.rainbow-themes.net/seoes/assets/css/assets/gridtile_3x3.png]
[html.rainbow-themes.net/seoes/assets/css/assets/gridtile_3x3_white.png]
[html.rainbow-themes.net/seoes/assets/css/assets/coloredbg.png]
[html.rainbow-themes.net/seoes/assets/css/assets/loader.gif]
[html.rainbow-themes.net/seoes/assets/css/revolution/settings.css]
[html.rainbow-themes.net/seoes/assets/css/revolution/layers.css]
[html.rainbow-themes.net/seoes/assets/css/revolution/navigation.css]
[html.rainbow-themes.net/seoes/assets/css/nouislider.min.css]
[html.rainbow-themes.net/seoes/assets/images/ttl-bg-shp.png]
[html.rainbow-themes.net/seoes/assets/images/resources/shop-img4.jpg]
[html.rainbow-themes.net/seoes/assets/images/resources/comment-img1.jpg]
[html.rainbow-themes.net/seoes/assets/images/resources/comment-img2.png]
[html.rainbow-themes.net/seoes/assets/images/resources/comment-img3.jpg]
[html.rainbow-themes.net/seoes/assets/images/resources/post-prev-img.jpg]
[html.rainbow-themes.net/seoes/assets/images/resources/post-next-img.jpg]
[html.rainbow-themes.net/seoes/assets/images/resources/shop-img5.jpg]
[html.rainbow-themes.net/seoes/assets/js/nouislider.min.js]
[html.rainbow-themes.net/seoes/assets/js/ResizeSensor.min.js]
[html.rainbow-themes.net/seoes/shop-detail.html]
[html.rainbow-themes.net/seoes/cart.html]
[html.rainbow-themes.net/seoes/checkout.html]
[html.rainbow-themes.net/seoes/index.html]
[html.rainbow-themes.net/seoes/assets/js/theia-sticky-sidebar.min.js]
[html.rainbow-themes.net/seoes/assets/images/resources/slide-bg4.png]
[html.rainbow-themes.net/seoes/assets/images/resources/slide-bg5.jpg]
[html.rainbow-themes.net/seoes/assets/images/resources/slide-bg6.png]
[html.rainbow-themes.net/seoes/assets/images/bg-shp-4.png]
[html.rainbow-themes.net/seoes/assets/images/resources/marketing-sol-mckp.png]
[html.rainbow-themes.net/seoes/assets/images/bg-2.jpg]
[html.rainbow-themes.net/seoes/assets/images/resources/why-choose-our-marketing-mckp.png]
[html.rainbow-themes.net/seoes/assets/images/resources/creative-chal-mckp.png]
[html.rainbow-themes.net/seoes/assets/images/bg-shp-5.png]
[html.rainbow-themes.net/seoes/assets/images/resources/portfl-img1-1.jpg]
[html.rainbow-themes.net/seoes/assets/images/resources/portfl-img1-2.jpg]
[html.rainbow-themes.net/seoes/assets/images/resources/portfl-img1-3.jpg]
[html.rainbow-themes.net/seoes/assets/images/resources/portfl-img1-4.jpg]
[html.rainbow-themes.net/seoes/assets/images/resources/portfl-img1-5.jpg]
[html.rainbow-themes.net/seoes/assets/images/resources/portfl-img1-6.jpg]
[html.rainbow-themes.net/seoes/assets/images/bg-shp-6.png]
[html.rainbow-themes.net/seoes/assets/images/resources/testi-img1-1.jpg]
[html.rainbow-themes.net/seoes/assets/images/resources/testi-img1-2.jpg]
[html.rainbow-themes.net/seoes/assets/images/resources/testi-img1-3.jpg]
[html.rainbow-themes.net/seoes/assets/images/resources/spnsr-img1-1.png]
[html.rainbow-themes.net/seoes/assets/images/resources/spnsr-img1-2.png]
[html.rainbow-themes.net/seoes/assets/images/resources/spnsr-img1-3.png]
[html.rainbow-themes.net/seoes/assets/images/resources/spnsr-img1-4.png]
[html.rainbow-themes.net/seoes/assets/images/resources/spnsr-img1-5.png]
[html.rainbow-themes.net/seoes/assets/images/resources/post-img1-5.jpg]
[html.rainbow-themes.net/seoes/assets/images/resources/post-img1-6.jpg]
[html.rainbow-themes.net/seoes/assets/images/resources/post-img1-7.jpg]
[html.rainbow-themes.net/seoes/assets/images/resources/post-img1-8.jpg]
[html.rainbow-themes.net/seoes/assets/images/bg-3.png]
[html.rainbow-themes.net/seoes/index2.html]
[html.rainbow-themes.net/seoes/assets/images/logo@2x-white2.png]
[html.rainbow-themes.net/seoes/assets/images/resources/slide-bg3-1.png]
[html.rainbow-themes.net/seoes/assets/images/resources/slide-bg3-2.png]
[html.rainbow-themes.net/seoes/assets/images/resources/slide-bg3-3.png]
[html.rainbow-themes.net/seoes/assets/images/bg-shp-7.png]
[html.rainbow-themes.net/seoes/assets/images/resources/holistic-appr-mckp.png]
[html.rainbow-themes.net/seoes/assets/images/bg-4.png]
[html.rainbow-themes.net/seoes/assets/images/bg-shp-8.png]
[html.rainbow-themes.net/seoes/assets/images/resources/best-seo-mckp.png]
[html.rainbow-themes.net/seoes/assets/images/bg-shp-9.png]
[html.rainbow-themes.net/seoes/assets/images/resources/testi-img1-4.jpg]
[html.rainbow-themes.net/seoes/assets/images/resources/testi-img1-5.jpg]
[html.rainbow-themes.net/seoes/assets/images/bg-shp-10.png]
[html.rainbow-themes.net/seoes/index3.html]
[html.rainbow-themes.net/seoes/assets/js/revolution/revolution-init2.js]
[html.rainbow-themes.net/seoes/assets/images/resources/slide-bg4-1.png]
[html.rainbow-themes.net/seoes/assets/images/slide4-1-mckp1.png]
[html.rainbow-themes.net/seoes/assets/images/slide4-1-mckp2.png]
[html.rainbow-themes.net/seoes/assets/images/slide4-1-mckp3.png]
[html.rainbow-themes.net/seoes/assets/images/resources/slide-bg4-2.png]
[html.rainbow-themes.net/seoes/assets/images/slide4-2-mckp1.png]
[html.rainbow-themes.net/seoes/assets/images/slide4-2-mckp2.png]
[html.rainbow-themes.net/seoes/assets/images/slide4-2-mckp3.png]
[html.rainbow-themes.net/seoes/assets/images/resources/slide-bg4-3.png]
[html.rainbow-themes.net/seoes/assets/images/slide4-3-mckp1.png]
[html.rainbow-themes.net/seoes/assets/images/slide4-3-mckp2.png]
[html.rainbow-themes.net/seoes/assets/images/slide4-3-mckp3.png]
[html.rainbow-themes.net/seoes/assets/images/bg-shp-11.png]
[html.rainbow-themes.net/seoes/assets/images/resources/our-story-mckp.png]
[html.rainbow-themes.net/seoes/assets/images/resources/innov-key-mckp.png]
[html.rainbow-themes.net/seoes/assets/images/bg-shp-12.png]
[html.rainbow-themes.net/seoes/assets/images/resources/pos-impact-mckp.png]
[html.rainbow-themes.net/seoes/assets/images/resources/portfl-img1-7.jpg]
[html.rainbow-themes.net/seoes/assets/images/resources/portfl-img1-8.jpg]
[html.rainbow-themes.net/seoes/assets/images/resources/portfl-img1-9.jpg]
[html.rainbow-themes.net/seoes/assets/images/resources/portfl-img1-10.jpg]
[html.rainbow-themes.net/seoes/assets/images/bg-shp-13.png]
[html.rainbow-themes.net/seoes/assets/images/bg-5.png]
[html.rainbow-themes.net/seoes/index4.html]
[html.rainbow-themes.net/seoes/assets/js/revolution/revolution-init3.js]
[html.rainbow-themes.net/seoes/assets/images/resources/slide-bg5-1.png]
[html.rainbow-themes.net/seoes/assets/images/slide5-shp1.png]
[html.rainbow-themes.net/seoes/assets/images/slide5-shp2.png]
[html.rainbow-themes.net/seoes/assets/images/slide5-1-mckp1.png]
[html.rainbow-themes.net/seoes/assets/images/slide5-2-mckp1.png]
[html.rainbow-themes.net/seoes/assets/images/slide5-3-mckp1.png]
[html.rainbow-themes.net/seoes/assets/images/bg-6.png]
[html.rainbow-themes.net/seoes/assets/images/bg-7.png]
[html.rainbow-themes.net/seoes/assets/images/bg-shp-14.png]
[html.rainbow-themes.net/seoes/assets/images/resources/app-seo-work-mckp.png]
[html.rainbow-themes.net/seoes/assets/images/bg-8.png]
[html.rainbow-themes.net/seoes/assets/images/bg-shp-15.png]
[html.rainbow-themes.net/seoes/assets/images/resources/th-fe-aw-mckp.png]
[html.rainbow-themes.net/seoes/assets/images/bg-shp-16.png]
[html.rainbow-themes.net/seoes/assets/images/app-dwnld-img1.png]
[html.rainbow-themes.net/seoes/assets/images/app-dwnld-img2.png]
[html.rainbow-themes.net/seoes/assets/images/bg-shp-17.png]
[html.rainbow-themes.net/seoes/index5.html]
[html.rainbow-themes.net/seoes/assets/js/revolution/revolution-init4.js]
[html.rainbow-themes.net/seoes/assets/images/resources/awsm-thng-abt-seos-mckp.jpg]
[html.rainbow-themes.net/seoes/assets/images/bg-shp-19.png]
[html.rainbow-themes.net/seoes/assets/images/resources/wrk-dn-img1.png]
[html.rainbow-themes.net/seoes/assets/images/resources/wrk-dn-img2.png]
[html.rainbow-themes.net/seoes/assets/images/resources/wrk-dn-img3.png]
[html.rainbow-themes.net/seoes/assets/images/bg-9.png]
[html.rainbow-themes.net/seoes/assets/images/resources/flxbl-sltn-lts-advntgs-mckp.jpg]
[html.rainbow-themes.net/seoes/seo-services.html]
[html.rainbow-themes.net/seoes/assets/images/resources/prfsnl-seo-busns-mckp.png]
[html.rainbow-themes.net/seoes/assets/images/bg-10.png]
[html.rainbow-themes.net/seoes/assets/images/resources/crtv-chlng-psn-mckp.png]
[html.rainbow-themes.net/seoes/ppm-services.html]
[html.rainbow-themes.net/seoes/assets/images/resources/scl-anlys-mckp.png]
[html.rainbow-themes.net/seoes/assets/images/resources/portfl-img1-11.jpg]
[html.rainbow-themes.net/seoes/assets/images/resources/portfl-img1-12.jpg]
[html.rainbow-themes.net/seoes/assets/images/resources/portfl-img1-13.jpg]
[html.rainbow-themes.net/seoes/digital-marketing.html]
[html.rainbow-themes.net/seoes/assets/images/resources/spclizd-dvlpmnt-mckp.png]
[html.rainbow-themes.net/seoes/assets/images/resources/msn-empwr-mckp.png]
[html.rainbow-themes.net/seoes/about.html]
[html.rainbow-themes.net/seoes/our-story.html]
[html.rainbow-themes.net/seoes/assets/images/resources/holistic-appr2-mckp.png]
[html.rainbow-themes.net/seoes/assets/images/resources/team-img1-5.jpg]
[html.rainbow-themes.net/seoes/assets/images/resources/team-img1-6.jpg]
[html.rainbow-themes.net/seoes/assets/images/resources/team-img1-7.jpg]
[html.rainbow-themes.net/seoes/assets/images/resources/team-img1-8.jpg]
[html.rainbow-themes.net/seoes/team.html]
[html.rainbow-themes.net/seoes/assets/images/banner-bg1.jpg]
[html.rainbow-themes.net/seoes/assets/images/banner-bg2.jpg]
[html.rainbow-themes.net/seoes/assets/images/banner-bg3.jpg]
[html.rainbow-themes.net/seoes/assets/images/banner-bg4.jpg]
[html.rainbow-themes.net/seoes/assets/images/banner-bg5.jpg]
[html.rainbow-themes.net/seoes/assets/images/banner-bg6.jpg]
[html.rainbow-themes.net/seoes/assets/js/wow.min.js]
[html.rainbow-themes.net/seoes/assets/js/circle-progress.min.js]
[html.rainbow-themes.net/seoes/content-elements.html]
[cdnjs.cloudflare.com/ajax/libs/waypoints/4.0.1/jquery.waypoints.min.js]
[html.rainbow-themes.net/seoes/assets/images/bg-shp-18.png]
[html.rainbow-themes.net/seoes/pricing-table.html]
[html.rainbow-themes.net/seoes/portfolio-masonry.html]
[html.rainbow-themes.net/seoes/portfolio-masonry-filters.html]
[html.rainbow-themes.net/seoes/portfolio-3column-full-width.html]
[html.rainbow-themes.net/seoes/portfolio-2column.html]
[html.rainbow-themes.net/seoes/assets/js/isotope.min.js]
[html.rainbow-themes.net/seoes/creative-campaigns.html;]
[html.rainbow-themes.net/seoes/portfolio-4column-full-width.html]
[html.rainbow-themes.net/seoes/gallery.html]
[html.rainbow-themes.net/seoes/data-analysis.html]
[html.rainbow-themes.net/seoes/content-audit.html]
[html.rainbow-themes.net/seoes/new-strategies.html]
[html.rainbow-themes.net/seoes/creative-campaigns.html]
[html.rainbow-themes.net/seoes/market-intelligence.html]
[html.rainbow-themes.net/seoes/blog-checkerboard.html]
[html.rainbow-themes.net/seoes/assets/images/resources/post-masonry-img1-1.jpg]
[html.rainbow-themes.net/seoes/assets/images/resources/post-masonry-img1-2.jpg]
[html.rainbow-themes.net/seoes/assets/images/resources/post-masonry-img1-3.jpg]
[html.rainbow-themes.net/seoes/assets/images/resources/post-masonry-img1-4.jpg]
[html.rainbow-themes.net/seoes/assets/images/resources/post-masonry-img1-5.jpg]
[html.rainbow-themes.net/seoes/blog-masonry.html]
[html.rainbow-themes.net/seoes/assets/images/resources/post-img1-16.jpg]
[html.rainbow-themes.net/seoes/assets/images/resources/post-img1-15.jpg]
[html.rainbow-themes.net/seoes/assets/images/resources/post-img1-14.jpg]
[html.rainbow-themes.net/seoes/assets/images/resources/post-img1-13.jpg]
[html.rainbow-themes.net/seoes/blog-2column.html]
[html.rainbow-themes.net/seoes/blog-3column.html]
[html.rainbow-themes.net/seoes/assets/images/resources/post-img1-12.jpg]
[html.rainbow-themes.net/seoes/assets/images/resources/post-img1-11.jpg]
[html.rainbow-themes.net/seoes/assets/images/resources/post-img1-10.jpg]
[html.rainbow-themes.net/seoes/assets/images/resources/post-img1-9.jpg]
[html.rainbow-themes.net/seoes/blog-3column-full-width.html]
[html.rainbow-themes.net/seoes/blog-4column-full-width.html]
[html.rainbow-themes.net/seoes/assets/css/jquery-nao-calendar.css]
[html.rainbow-themes.net/seoes/assets/css/jquery-pseudo-ripple.css]
[html.rainbow-themes.net/seoes/assets/images/resources/recentpost-img1.jpg]
[html.rainbow-themes.net/seoes/assets/images/resources/recentpost-img2.jpg]
[html.rainbow-themes.net/seoes/assets/images/resources/recentpost-img3.jpg]
[html.rainbow-themes.net/seoes/assets/js/jquery-nao-calendar.js]
[html.rainbow-themes.net/seoes/blog-left-sidebar.html]
[html.rainbow-themes.net/seoes/assets/js/jquery-pseudo-ripple.js]
[html.rainbow-themes.net/seoes/assets/images/resources/insta-img1.jpg]
[html.rainbow-themes.net/seoes/assets/images/resources/insta-img2.jpg]
[html.rainbow-themes.net/seoes/assets/images/resources/insta-img3.jpg]
[html.rainbow-themes.net/seoes/assets/images/resources/insta-img4.jpg]
[html.rainbow-themes.net/seoes/assets/images/resources/insta-img5.jpg]
[html.rainbow-themes.net/seoes/assets/images/resources/insta-img6.jpg]
[html.rainbow-themes.net/seoes/assets/images/resources/insta-img7.jpg]
[html.rainbow-themes.net/seoes/assets/images/resources/insta-img8.jpg]
[html.rainbow-themes.net/seoes/assets/images/resources/insta-img9.jpg]
[html.rainbow-themes.net/seoes/blog-right-sidebar.html]
[html.rainbow-themes.net/seoes/assets/images/resources/post-detail-gal2-1.jpg]
[html.rainbow-themes.net/seoes/assets/images/resources/post-detail-gal2-2.jpg]
[html.rainbow-themes.net/seoes/assets/images/resources/post-detail-gal2-3.jpg]
[html.rainbow-themes.net/seoes/assets/images/resources/post-detail-gal2-4.jpg]
[html.rainbow-themes.net/seoes/assets/images/resources/post-detail-gal-img1.jpg]
[html.rainbow-themes.net/seoes/assets/images/resources/post-detail-gal-img2.jpg]
[html.rainbow-themes.net/seoes/assets/images/resources/post-detail-gal-img3.jpg]
[html.rainbow-themes.net/seoes/assets/images/resources/related-post-img1.jpg]
[html.rainbow-themes.net/seoes/assets/images/resources/related-post-img2.jpg]
[html.rainbow-themes.net/seoes/assets/images/resources/related-post-img3.jpg]
[html.rainbow-themes.net/seoes/assets/images/resources/related-post-img4.jpg]
[html.rainbow-themes.net/seoes/assets/images/resources/related-post-img5.jpg]
[html.rainbow-themes.net/seoes/blog-detail-gallery.html]
[html.rainbow-themes.net/seoes/blog-detail-audio.html]
[html.rainbow-themes.net/seoes/blog-detail-link.html]
[html.rainbow-themes.net/seoes/blog-detail-quote.html]
[html.rainbow-themes.net/seoes/assets/images/resources/blog-detail-img.jpg]
[html.rainbow-themes.net/seoes/blog-detail.html]
[html.rainbow-themes.net/seoes/blog-detail-video.html]
[html.rainbow-themes.net/seoes/assets/images/resources/shop-img6.jpg]
[html.rainbow-themes.net/seoes/assets/images/resources/shop-img7.jpg]
[html.rainbow-themes.net/seoes/assets/images/resources/shop-img8.jpg]
[html.rainbow-themes.net/seoes/assets/images/resources/shop-img9.jpg]
[html.rainbow-themes.net/seoes/shop.html]
[html.rainbow-themes.net/seoes/shop-shortcodes.html]
[html.rainbow-themes.net/seoes/contact.html]
[html.rainbow-themes.net/seoes/assets/webfonts/fa-brands-400.svg]
[html.rainbow-themes.net/seoes/assets/webfonts/fa-regular-400.svg]
[html.rainbow-themes.net/seoes/assets/webfonts/fa-solid-900.svg]
[html.rainbow-themes.net/seoes/assets/fonts/Flaticon.svg]
[html.rainbow-themes.net/seoes/assets/fonts/icomoona7a9.svg]
[html.rainbow-themes.net/seoes/assets/images/hexa-shp.svg]
[html.rainbow-themes.net/seoes/assets/images/pg-ttl-shp-bg.svg]
[html.rainbow-themes.net/seoes/assets/css/revolution/fonts/revicons/revicons90c6.svg]
[html.rainbow-themes.net/seoes/assets/css/revolution/openhand.html]
[html.rainbow-themes.net/seoes/assets/css/revolution/closedhand.html]
[html.rainbow-themes.net/seoes/assets/css/assets/gridtile.html]
[html.rainbow-themes.net/seoes/assets/css/assets/gridtile_white.html]
[html.rainbow-themes.net/seoes/assets/css/assets/gridtile_3x3.html]
[html.rainbow-themes.net/seoes/assets/css/assets/gridtile_3x3_white.html]
[html.rainbow-themes.net/seoes/assets/css/assets/coloredbg.html]
[html.rainbow-themes.net/seoes/assets/css/assets/loader.html]
[html.rainbow-themes.net/seoes/assets/css/nouislider.min.css]
[html.rainbow-themes.net/seoes/creative-campaigns-2.html]
[html.rainbow-themes.net/seoes/assets/css/jquery-nao-calendar.css]
[html.rainbow-themes.net/seoes/assets/css/jquery-pseudo-ripple.css]
